
> lux-travel@0.1.0 build
> next build

  тЦ▓ Next.js 14.2.35

   Creating an optimized production build ...
 тЬУ Compiled successfully
   Linting and checking validity of types ...
node.exe : 
At line:1 char:1
+ & "C:\Program 
Files\nodejs/node.exe" 
"C:\Program 
Files\nodejs/node_mo ...
+ ~~~~~~~~~~~~~~~~~~~~~~~~~~~
~~~~~~~~~~~~~~~~~~~~~~~~~~~~~
~~~~~~~~~~~~~
    + CategoryInfo           
   : NotSpecified: (:String  
  ) [], RemoteException
    + FullyQualifiedErrorId  
   : NativeCommandError
 
Failed to compile.

./app/api/news/route.ts
89:14  Error: 'error' is 
defined but never used.  @typ
escript-eslint/no-unused-vars
94:34  Error: Unexpected 
any. Specify a different 
type.  @typescript-eslint/no-
explicit-any
146:89  Error: Unexpected 
any. Specify a different 
type.  @typescript-eslint/no-
explicit-any

info  - Need to disable some 
ESLint rules? Learn more 
here: https://nextjs.org/docs
/basic-features/eslint#disabl
ing-rules
